---
http_interactions:
- request:
    method: get
    uri: https://api.openweathermap.org/geo/1.0/zip?appid=b88ab65e7d5a23cc8d7dfcd288440fe5&units=imperial&zip=95014%2CUS
    body:
      encoding: US-ASCII
      string: ''
    headers:
      User-Agent:
      - Faraday v2.9.0
  response:
    status:
      code: 200
      message: OK
    headers:
      server:
      - openresty
      date:
      - Mon, 08 Apr 2024 06:05:22 GMT
      content-type:
      - application/json; charset=utf-8
      content-length:
      - '78'
      connection:
      - keep-alive
      x-cache-key:
      - "/geo/1.0/zip?units=imperial&zip=95014%2cus"
      access-control-allow-origin:
      - "*"
      access-control-allow-credentials:
      - 'true'
      access-control-allow-methods:
      - GET, POST
    body:
      encoding: UTF-8
      string: '{"zip":"95014","name":"Cupertino","lat":37.318,"lon":-122.0449,"country":"US"}'
  recorded_at: Mon, 08 Apr 2024 06:05:22 GMT
- request:
    method: get
    uri: https://api.openweathermap.org/data/2.5/weather?appid=b88ab65e7d5a23cc8d7dfcd288440fe5&lat=37.318&lon=-122.0449&units=imperial
    body:
      encoding: US-ASCII
      string: ''
    headers:
      User-Agent:
      - Faraday v2.9.0
  response:
    status:
      code: 200
      message: OK
    headers:
      server:
      - openresty
      date:
      - Mon, 08 Apr 2024 06:05:22 GMT
      content-type:
      - application/json; charset=utf-8
      content-length:
      - '471'
      connection:
      - keep-alive
      x-cache-key:
      - "/data/2.5/weather?lat=37.32&lon=-122.04&units=imperial"
      access-control-allow-origin:
      - "*"
      access-control-allow-credentials:
      - 'true'
      access-control-allow-methods:
      - GET, POST
    body:
      encoding: UTF-8
      string: '{"coord":{"lon":-122.0449,"lat":37.318},"weather":[{"id":800,"main":"Clear","description":"clear
        sky","icon":"01n"}],"base":"stations","main":{"temp":47.48,"feels_like":44.19,"temp_min":43.3,"temp_max":51.96,"pressure":1019,"humidity":73},"visibility":10000,"wind":{"speed":6.91,"deg":310},"clouds":{"all":0},"dt":1712556322,"sys":{"type":2,"id":2003278,"country":"US","sunrise":1712497429,"sunset":1712543760},"timezone":-25200,"id":5341145,"name":"Cupertino","cod":200}'
  recorded_at: Mon, 08 Apr 2024 06:05:22 GMT
- request:
    method: get
    uri: https://api.openweathermap.org/data/2.5/forecast?appid=b88ab65e7d5a23cc8d7dfcd288440fe5&lat=37.318&lon=-122.0449&units=imperial
    body:
      encoding: US-ASCII
      string: ''
    headers:
      User-Agent:
      - Faraday v2.9.0
  response:
    status:
      code: 200
      message: OK
    headers:
      server:
      - openresty
      date:
      - Mon, 08 Apr 2024 06:05:23 GMT
      content-type:
      - application/json; charset=utf-8
      content-length:
      - '15740'
      connection:
      - keep-alive
      x-cache-key:
      - "/data/2.5/forecast?lat=37.32&lon=-122.04&units=imperial"
      access-control-allow-origin:
      - "*"
      access-control-allow-credentials:
      - 'true'
      access-control-allow-methods:
      - GET, POST
    body:
      encoding: UTF-8
      string: '{"cod":"200","message":0,"cnt":40,"list":[{"dt":1712566800,"main":{"temp":46.47,"feels_like":46.47,"temp_min":44.46,"temp_max":46.47,"pressure":1019,"sea_level":1019,"grnd_level":992,"humidity":80,"temp_kf":1.12},"weather":[{"id":800,"main":"Clear","description":"clear
        sky","icon":"01n"}],"clouds":{"all":1},"wind":{"speed":1.79,"deg":235,"gust":1.16},"visibility":10000,"pop":0,"sys":{"pod":"n"},"dt_txt":"2024-04-08
        09:00:00"},{"dt":1712577600,"main":{"temp":45.03,"feels_like":45.03,"temp_min":43.81,"temp_max":45.03,"pressure":1019,"sea_level":1019,"grnd_level":992,"humidity":87,"temp_kf":0.68},"weather":[{"id":800,"main":"Clear","description":"clear
        sky","icon":"01n"}],"clouds":{"all":2},"wind":{"speed":1.48,"deg":300,"gust":2.28},"visibility":10000,"pop":0,"sys":{"pod":"n"},"dt_txt":"2024-04-08
        12:00:00"},{"dt":1712588400,"main":{"temp":48.07,"feels_like":48.07,"temp_min":48.07,"temp_max":48.07,"pressure":1020,"sea_level":1020,"grnd_level":992,"humidity":82,"temp_kf":0},"weather":[{"id":800,"main":"Clear","description":"clear
        sky","icon":"01d"}],"clouds":{"all":5},"wind":{"speed":2.68,"deg":349,"gust":6.2},"visibility":10000,"pop":0,"sys":{"pod":"d"},"dt_txt":"2024-04-08
        15:00:00"},{"dt":1712599200,"main":{"temp":60.94,"feels_like":58.77,"temp_min":60.94,"temp_max":60.94,"pressure":1020,"sea_level":1020,"grnd_level":993,"humidity":43,"temp_kf":0},"weather":[{"id":800,"main":"Clear","description":"clear
        sky","icon":"01d"}],"clouds":{"all":5},"wind":{"speed":6.08,"deg":6,"gust":9.55},"visibility":10000,"pop":0,"sys":{"pod":"d"},"dt_txt":"2024-04-08
        18:00:00"},{"dt":1712610000,"main":{"temp":67.46,"feels_like":65.37,"temp_min":67.46,"temp_max":67.46,"pressure":1019,"sea_level":1019,"grnd_level":992,"humidity":31,"temp_kf":0},"weather":[{"id":800,"main":"Clear","description":"clear
        sky","icon":"01d"}],"clouds":{"all":1},"wind":{"speed":5.93,"deg":355,"gust":8.41},"visibility":10000,"pop":0,"sys":{"pod":"d"},"dt_txt":"2024-04-08
        21:00:00"},{"dt":1712620800,"main":{"temp":66.81,"feels_like":64.83,"temp_min":66.81,"temp_max":66.81,"pressure":1018,"sea_level":1018,"grnd_level":991,"humidity":35,"temp_kf":0},"weather":[{"id":800,"main":"Clear","description":"clear
        sky","icon":"01d"}],"clouds":{"all":0},"wind":{"speed":7.2,"deg":316,"gust":7.54},"visibility":10000,"pop":0,"sys":{"pod":"d"},"dt_txt":"2024-04-09
        00:00:00"},{"dt":1712631600,"main":{"temp":53.13,"feels_like":51.58,"temp_min":53.13,"temp_max":53.13,"pressure":1019,"sea_level":1019,"grnd_level":992,"humidity":73,"temp_kf":0},"weather":[{"id":800,"main":"Clear","description":"clear
        sky","icon":"01n"}],"clouds":{"all":0},"wind":{"speed":4.68,"deg":298,"gust":6.42},"visibility":10000,"pop":0,"sys":{"pod":"n"},"dt_txt":"2024-04-09
        03:00:00"},{"dt":1712642400,"main":{"temp":50.16,"feels_like":48.4,"temp_min":50.16,"temp_max":50.16,"pressure":1020,"sea_level":1020,"grnd_level":993,"humidity":75,"temp_kf":0},"weather":[{"id":800,"main":"Clear","description":"clear
        sky","icon":"01n"}],"clouds":{"all":1},"wind":{"speed":1.61,"deg":202,"gust":0.87},"visibility":10000,"pop":0,"sys":{"pod":"n"},"dt_txt":"2024-04-09
        06:00:00"},{"dt":1712653200,"main":{"temp":49.24,"feels_like":49.24,"temp_min":49.24,"temp_max":49.24,"pressure":1020,"sea_level":1020,"grnd_level":993,"humidity":71,"temp_kf":0},"weather":[{"id":800,"main":"Clear","description":"clear
        sky","icon":"01n"}],"clouds":{"all":0},"wind":{"speed":2.24,"deg":191,"gust":1.83},"visibility":10000,"pop":0,"sys":{"pod":"n"},"dt_txt":"2024-04-09
        09:00:00"},{"dt":1712664000,"main":{"temp":48.99,"feels_like":48.99,"temp_min":48.99,"temp_max":48.99,"pressure":1020,"sea_level":1020,"grnd_level":993,"humidity":67,"temp_kf":0},"weather":[{"id":800,"main":"Clear","description":"clear
        sky","icon":"01n"}],"clouds":{"all":0},"wind":{"speed":2.89,"deg":177,"gust":2.73},"visibility":10000,"pop":0,"sys":{"pod":"n"},"dt_txt":"2024-04-09
        12:00:00"},{"dt":1712674800,"main":{"temp":54.3,"feels_like":52.21,"temp_min":54.3,"temp_max":54.3,"pressure":1021,"sea_level":1021,"grnd_level":994,"humidity":59,"temp_kf":0},"weather":[{"id":800,"main":"Clear","description":"clear
        sky","icon":"01d"}],"clouds":{"all":0},"wind":{"speed":0.96,"deg":103,"gust":1.5},"visibility":10000,"pop":0,"sys":{"pod":"d"},"dt_txt":"2024-04-09
        15:00:00"},{"dt":1712685600,"main":{"temp":68.92,"feels_like":67.21,"temp_min":68.92,"temp_max":68.92,"pressure":1020,"sea_level":1020,"grnd_level":994,"humidity":36,"temp_kf":0},"weather":[{"id":800,"main":"Clear","description":"clear
        sky","icon":"01d"}],"clouds":{"all":0},"wind":{"speed":4.41,"deg":17,"gust":4.21},"visibility":10000,"pop":0,"sys":{"pod":"d"},"dt_txt":"2024-04-09
        18:00:00"},{"dt":1712696400,"main":{"temp":74.95,"feels_like":73.6,"temp_min":74.95,"temp_max":74.95,"pressure":1020,"sea_level":1020,"grnd_level":993,"humidity":31,"temp_kf":0},"weather":[{"id":800,"main":"Clear","description":"clear
        sky","icon":"01d"}],"clouds":{"all":3},"wind":{"speed":5.48,"deg":8,"gust":6.71},"visibility":10000,"pop":0,"sys":{"pod":"d"},"dt_txt":"2024-04-09
        21:00:00"},{"dt":1712707200,"main":{"temp":74.41,"feels_like":73.2,"temp_min":74.41,"temp_max":74.41,"pressure":1019,"sea_level":1019,"grnd_level":992,"humidity":35,"temp_kf":0},"weather":[{"id":800,"main":"Clear","description":"clear
        sky","icon":"01d"}],"clouds":{"all":5},"wind":{"speed":6.35,"deg":341,"gust":6.46},"visibility":10000,"pop":0,"sys":{"pod":"d"},"dt_txt":"2024-04-10
        00:00:00"},{"dt":1712718000,"main":{"temp":59.56,"feels_like":58.26,"temp_min":59.56,"temp_max":59.56,"pressure":1020,"sea_level":1020,"grnd_level":993,"humidity":65,"temp_kf":0},"weather":[{"id":800,"main":"Clear","description":"clear
        sky","icon":"01n"}],"clouds":{"all":4},"wind":{"speed":3.56,"deg":299,"gust":4.83},"visibility":10000,"pop":0,"sys":{"pod":"n"},"dt_txt":"2024-04-10
        03:00:00"},{"dt":1712728800,"main":{"temp":56.23,"feels_like":54.79,"temp_min":56.23,"temp_max":56.23,"pressure":1020,"sea_level":1020,"grnd_level":994,"humidity":69,"temp_kf":0},"weather":[{"id":800,"main":"Clear","description":"clear
        sky","icon":"01n"}],"clouds":{"all":6},"wind":{"speed":0.56,"deg":281,"gust":1.03},"visibility":10000,"pop":0,"sys":{"pod":"n"},"dt_txt":"2024-04-10
        06:00:00"},{"dt":1712739600,"main":{"temp":54.37,"feels_like":52.84,"temp_min":54.37,"temp_max":54.37,"pressure":1019,"sea_level":1019,"grnd_level":993,"humidity":71,"temp_kf":0},"weather":[{"id":801,"main":"Clouds","description":"few
        clouds","icon":"02n"}],"clouds":{"all":12},"wind":{"speed":1.72,"deg":146,"gust":1.14},"visibility":10000,"pop":0,"sys":{"pod":"n"},"dt_txt":"2024-04-10
        09:00:00"},{"dt":1712750400,"main":{"temp":53.38,"feels_like":51.85,"temp_min":53.38,"temp_max":53.38,"pressure":1019,"sea_level":1019,"grnd_level":992,"humidity":73,"temp_kf":0},"weather":[{"id":802,"main":"Clouds","description":"scattered
        clouds","icon":"03n"}],"clouds":{"all":27},"wind":{"speed":0.58,"deg":155,"gust":0.94},"visibility":10000,"pop":0,"sys":{"pod":"n"},"dt_txt":"2024-04-10
        12:00:00"},{"dt":1712761200,"main":{"temp":58.05,"feels_like":56.66,"temp_min":58.05,"temp_max":58.05,"pressure":1019,"sea_level":1019,"grnd_level":992,"humidity":66,"temp_kf":0},"weather":[{"id":802,"main":"Clouds","description":"scattered
        clouds","icon":"03d"}],"clouds":{"all":37},"wind":{"speed":0.89,"deg":77,"gust":1.43},"visibility":10000,"pop":0,"sys":{"pod":"d"},"dt_txt":"2024-04-10
        15:00:00"},{"dt":1712772000,"main":{"temp":73.2,"feels_like":72.19,"temp_min":73.2,"temp_max":73.2,"pressure":1018,"sea_level":1018,"grnd_level":992,"humidity":42,"temp_kf":0},"weather":[{"id":802,"main":"Clouds","description":"scattered
        clouds","icon":"03d"}],"clouds":{"all":38},"wind":{"speed":3.87,"deg":25,"gust":2.3},"visibility":10000,"pop":0,"sys":{"pod":"d"},"dt_txt":"2024-04-10
        18:00:00"},{"dt":1712782800,"main":{"temp":79.11,"feels_like":79.11,"temp_min":79.11,"temp_max":79.11,"pressure":1017,"sea_level":1017,"grnd_level":991,"humidity":35,"temp_kf":0},"weather":[{"id":804,"main":"Clouds","description":"overcast
        clouds","icon":"04d"}],"clouds":{"all":86},"wind":{"speed":5.14,"deg":4,"gust":4.18},"visibility":10000,"pop":0,"sys":{"pod":"d"},"dt_txt":"2024-04-10
        21:00:00"},{"dt":1712793600,"main":{"temp":76.87,"feels_like":76.14,"temp_min":76.87,"temp_max":76.87,"pressure":1015,"sea_level":1015,"grnd_level":989,"humidity":40,"temp_kf":0},"weather":[{"id":804,"main":"Clouds","description":"overcast
        clouds","icon":"04d"}],"clouds":{"all":92},"wind":{"speed":6.2,"deg":336,"gust":5.28},"visibility":10000,"pop":0,"sys":{"pod":"d"},"dt_txt":"2024-04-11
        00:00:00"},{"dt":1712804400,"main":{"temp":62.46,"feels_like":61.7,"temp_min":62.46,"temp_max":62.46,"pressure":1016,"sea_level":1016,"grnd_level":990,"humidity":70,"temp_kf":0},"weather":[{"id":803,"main":"Clouds","description":"broken
        clouds","icon":"04n"}],"clouds":{"all":74},"wind":{"speed":3.67,"deg":295,"gust":4.03},"visibility":10000,"pop":0,"sys":{"pod":"n"},"dt_txt":"2024-04-11
        03:00:00"},{"dt":1712815200,"main":{"temp":58.21,"feels_like":57.2,"temp_min":58.21,"temp_max":58.21,"pressure":1016,"sea_level":1016,"grnd_level":990,"humidity":74,"temp_kf":0},"weather":[{"id":803,"main":"Clouds","description":"broken
        clouds","icon":"04n"}],"clouds":{"all":53},"wind":{"speed":1.07,"deg":277,"gust":1.63},"visibility":10000,"pop":0,"sys":{"pod":"n"},"dt_txt":"2024-04-11
        06:00:00"},{"dt":1712826000,"main":{"temp":55.33,"feels_like":54.23,"temp_min":55.33,"temp_max":55.33,"pressure":1015,"sea_level":1015,"grnd_level":989,"humidity":78,"temp_kf":0},"weather":[{"id":802,"main":"Clouds","description":"scattered
        clouds","icon":"03n"}],"clouds":{"all":29},"wind":{"speed":1.05,"deg":242,"gust":0.49},"visibility":10000,"pop":0,"sys":{"pod":"n"},"dt_txt":"2024-04-11
        09:00:00"},{"dt":1712836800,"main":{"temp":53.31,"feels_like":52.11,"temp_min":53.31,"temp_max":53.31,"pressure":1014,"sea_level":1014,"grnd_level":988,"humidity":80,"temp_kf":0},"weather":[{"id":802,"main":"Clouds","description":"scattered
        clouds","icon":"03n"}],"clouds":{"all":36},"wind":{"speed":1.48,"deg":221,"gust":0.78},"visibility":10000,"pop":0,"sys":{"pod":"n"},"dt_txt":"2024-04-11
        12:00:00"},{"dt":1712847600,"main":{"temp":58.15,"feels_like":56.86,"temp_min":58.15,"temp_max":58.15,"pressure":1014,"sea_level":1014,"grnd_level":987,"humidity":68,"temp_kf":0},"weather":[{"id":802,"main":"Clouds","description":"scattered
        clouds","icon":"03d"}],"clouds":{"all":28},"wind":{"speed":1.1,"deg":188,"gust":1.16},"visibility":10000,"pop":0,"sys":{"pod":"d"},"dt_txt":"2024-04-11
        15:00:00"},{"dt":1712858400,"main":{"temp":74.39,"feels_like":73.31,"temp_min":74.39,"temp_max":74.39,"pressure":1012,"sea_level":1012,"grnd_level":986,"humidity":38,"temp_kf":0},"weather":[{"id":801,"main":"Clouds","description":"few
        clouds","icon":"02d"}],"clouds":{"all":21},"wind":{"speed":2.1,"deg":351,"gust":1.68},"visibility":10000,"pop":0,"sys":{"pod":"d"},"dt_txt":"2024-04-11
        18:00:00"},{"dt":1712869200,"main":{"temp":79.41,"feels_like":79.41,"temp_min":79.41,"temp_max":79.41,"pressure":1010,"sea_level":1010,"grnd_level":984,"humidity":29,"temp_kf":0},"weather":[{"id":800,"main":"Clear","description":"clear
        sky","icon":"01d"}],"clouds":{"all":0},"wind":{"speed":5.99,"deg":333,"gust":4.54},"visibility":10000,"pop":0,"sys":{"pod":"d"},"dt_txt":"2024-04-11
        21:00:00"},{"dt":1712880000,"main":{"temp":72.97,"feels_like":71.8,"temp_min":72.97,"temp_max":72.97,"pressure":1009,"sea_level":1009,"grnd_level":983,"humidity":39,"temp_kf":0},"weather":[{"id":800,"main":"Clear","description":"clear
        sky","icon":"01d"}],"clouds":{"all":0},"wind":{"speed":7.52,"deg":312,"gust":6.55},"visibility":10000,"pop":0,"sys":{"pod":"d"},"dt_txt":"2024-04-12
        00:00:00"},{"dt":1712890800,"main":{"temp":53.91,"feels_like":52.29,"temp_min":53.91,"temp_max":53.91,"pressure":1010,"sea_level":1010,"grnd_level":984,"humidity":70,"temp_kf":0},"weather":[{"id":800,"main":"Clear","description":"clear
        sky","icon":"01n"}],"clouds":{"all":0},"wind":{"speed":5.73,"deg":283,"gust":6.08},"visibility":10000,"pop":0,"sys":{"pod":"n"},"dt_txt":"2024-04-12
        03:00:00"},{"dt":1712901600,"main":{"temp":50.63,"feels_like":48.72,"temp_min":50.63,"temp_max":50.63,"pressure":1010,"sea_level":1010,"grnd_level":984,"humidity":71,"temp_kf":0},"weather":[{"id":800,"main":"Clear","description":"clear
        sky","icon":"01n"}],"clouds":{"all":0},"wind":{"speed":3.98,"deg":256,"gust":4.14},"visibility":10000,"pop":0,"sys":{"pod":"n"},"dt_txt":"2024-04-12
        06:00:00"},{"dt":1712912400,"main":{"temp":48.85,"feels_like":48.29,"temp_min":48.85,"temp_max":48.85,"pressure":1010,"sea_level":1010,"grnd_level":983,"humidity":83,"temp_kf":0},"weather":[{"id":800,"main":"Clear","description":"clear
        sky","icon":"01n"}],"clouds":{"all":7},"wind":{"speed":3.09,"deg":255,"gust":4.18},"visibility":10000,"pop":0,"sys":{"pod":"n"},"dt_txt":"2024-04-12
        09:00:00"},{"dt":1712923200,"main":{"temp":47.23,"feels_like":47.23,"temp_min":47.23,"temp_max":47.23,"pressure":1009,"sea_level":1009,"grnd_level":982,"humidity":88,"temp_kf":0},"weather":[{"id":801,"main":"Clouds","description":"few
        clouds","icon":"02n"}],"clouds":{"all":11},"wind":{"speed":2.77,"deg":262,"gust":2.93},"visibility":10000,"pop":0,"sys":{"pod":"n"},"dt_txt":"2024-04-12
        12:00:00"},{"dt":1712934000,"main":{"temp":51.06,"feels_like":49.59,"temp_min":51.06,"temp_max":51.06,"pressure":1010,"sea_level":1010,"grnd_level":983,"humidity":79,"temp_kf":0},"weather":[{"id":802,"main":"Clouds","description":"scattered
        clouds","icon":"03d"}],"clouds":{"all":30},"wind":{"speed":2.37,"deg":300,"gust":4.56},"visibility":10000,"pop":0,"sys":{"pod":"d"},"dt_txt":"2024-04-12
        15:00:00"},{"dt":1712944800,"main":{"temp":65.39,"feels_like":63.61,"temp_min":65.39,"temp_max":65.39,"pressure":1009,"sea_level":1009,"grnd_level":982,"humidity":42,"temp_kf":0},"weather":[{"id":803,"main":"Clouds","description":"broken
        clouds","icon":"04d"}],"clouds":{"all":62},"wind":{"speed":1.41,"deg":337,"gust":4.18},"visibility":10000,"pop":0,"sys":{"pod":"d"},"dt_txt":"2024-04-12
        18:00:00"},{"dt":1712955600,"main":{"temp":68.88,"feels_like":67.03,"temp_min":68.88,"temp_max":68.88,"pressure":1007,"sea_level":1007,"grnd_level":981,"humidity":33,"temp_kf":0},"weather":[{"id":804,"main":"Clouds","description":"overcast
        clouds","icon":"04d"}],"clouds":{"all":100},"wind":{"speed":4.12,"deg":203,"gust":11.05},"visibility":10000,"pop":0,"sys":{"pod":"d"},"dt_txt":"2024-04-12
        21:00:00"},{"dt":1712966400,"main":{"temp":64.42,"feels_like":62.35,"temp_min":64.42,"temp_max":64.42,"pressure":1007,"sea_level":1007,"grnd_level":981,"humidity":38,"temp_kf":0},"weather":[{"id":804,"main":"Clouds","description":"overcast
        clouds","icon":"04d"}],"clouds":{"all":100},"wind":{"speed":7.63,"deg":211,"gust":16.26},"visibility":10000,"pop":0,"sys":{"pod":"d"},"dt_txt":"2024-04-13
        00:00:00"},{"dt":1712977200,"main":{"temp":52.68,"feels_like":51.17,"temp_min":52.68,"temp_max":52.68,"pressure":1009,"sea_level":1009,"grnd_level":982,"humidity":75,"temp_kf":0},"weather":[{"id":804,"main":"Clouds","description":"overcast
        clouds","icon":"04n"}],"clouds":{"all":100},"wind":{"speed":6.87,"deg":193,"gust":14.88},"visibility":10000,"pop":0,"sys":{"pod":"n"},"dt_txt":"2024-04-13
        03:00:00"},{"dt":1712988000,"main":{"temp":53.15,"feels_like":51.73,"temp_min":53.15,"temp_max":53.15,"pressure":1009,"sea_level":1009,"grnd_level":982,"humidity":76,"temp_kf":0},"weather":[{"id":804,"main":"Clouds","description":"overcast
        clouds","icon":"04n"}],"clouds":{"all":100},"wind":{"speed":9.64,"deg":164,"gust":28.48},"visibility":10000,"pop":0,"sys":{"pod":"n"},"dt_txt":"2024-04-13
        06:00:00"}],"city":{"id":5341145,"name":"Cupertino","coord":{"lat":37.318,"lon":-122.0449},"country":"US","population":58302,"timezone":-25200,"sunrise":1712497429,"sunset":1712543760}}'
  recorded_at: Mon, 08 Apr 2024 06:05:22 GMT
recorded_with: VCR 6.2.0
